u scope: u
z scope: u
y scope: y
u scope: y
x scope: y
v scope: y
self scope: g
u scope: u
z scope: u
y scope: y
u scope: y
x scope: y
v scope: y
self scope: g
