b scope: f
b scope: f
b scope: g
c scope: g
c scope: h
b scope: h
self scope: i
self scope: i
x scope: j
y scope: j
B scope: null
b scope: f
b scope: f
b scope: g
c scope: g
c scope: h
b scope: h
self scope: i
self scope: i
x scope: j
y scope: j
B scope: null
