a scope: f
a scope: g
b scope: h
b scope: i
A scope: null
a scope: f
a scope: g
b scope: h
b scope: i
A scope: null
