"13-type-case.cl", line 12:30, Semantic error: Undefined identifier true
Compilation halted
