"15-type-let.cl", line 4:29, Semantic error: Undefined identifier true
Compilation halted
