Z scope: null
B scope: null
Z scope: null
B scope: null
